
> voicebuild@0.1.0 build
> next build

▲ Next.js 16.1.6 (Turbopack)

  Creating an optimized production build ...
✓ Compiled successfully in 2.4s
  Running TypeScript ...
  Collecting page data using 9 workers ...
OPENROUTER_API_KEY is not set
OPENROUTER_API_KEY is not set
OPENROUTER_API_KEY is not set
OPENROUTER_API_KEY is not set
  Generating static pages using 9 workers (0/22) ...
  Generating static pages using 9 workers (5/22) 
  Generating static pages using 9 workers (10/22) 
  Generating static pages using 9 workers (16/22) 
✓ Generating static pages using 9 workers (22/22) in 375.0ms
  Finalizing page optimization ...

Route (app)
┌ ○ /
├ ○ /_not-found
├ ƒ /api/agents
├ ƒ /api/agents/[id]/test
├ ƒ /api/ai
├ ƒ /api/billing/create-checkout-session
├ ƒ /api/billing/webhook
├ ƒ /api/knowledge/embed
├ ƒ /api/team/invite
├ ƒ /api/widget/chat
├ ○ /dashboard
├ ○ /dashboard/agents
├ ƒ /dashboard/agents/[id]/settings
├ ƒ /dashboard/agents/[id]/test
├ ○ /dashboard/analytics
├ ○ /dashboard/billing
├ ƒ /dashboard/builder/[agentId]
├ ○ /dashboard/conversations
├ ○ /dashboard/integrations
├ ○ /dashboard/knowledge
├ ○ /dashboard/monitoring
├ ○ /dashboard/team
├ ○ /login
└ ○ /signup


○  (Static)   prerendered as static content
ƒ  (Dynamic)  server-rendered on demand

